// Jest Snapshot v1, https://goo.gl/fbAQLP

exports[`NameFilter should render 1`] = `
<div>
  <div
    class="nextui-c-iwmZdB nextui-c-iwmZdB-jTfqsF-helperColor-default nextui-c-iwmZdB-dpkacN-borderWeight-normal nextui-c-iwmZdB-bkiCag-size-lg nextui-c-iwmZdB-iiIdOsz-css nextui-input-main-container nextui-input-main-container--normal"
    data-state="normal"
  >
    <div
      class="nextui-c-boZsAS nextui-c-boZsAS-fjttfO-isTextarea-false nextui-c-boZsAS-iNKybL-animated-true nextui-input-container nextui-input-container--normal nextui-input-container--input"
    >
      <label
        class="nextui-c-eXOOPO nextui-c-eXOOPO-iNKybL-shadow-true nextui-c-eXOOPO-ccrOPm-underlined-false nextui-c-eXOOPO-lkBNdM-isTextarea-false nextui-input-wrapper nextui-input-wrapper--normal nextui-input-wrapper--shadow"
      >
        <span
          class="nextui-c-PJLV nextui-c-iFHsrU nextui-input-placeholder"
        >
          Filter by name
        </span>
        <input
          aria-label="Filter contacts by name"
          aria-multiline="false"
          aria-placeholder="Filter by name"
          aria-readonly="false"
          aria-required="false"
          autocomplete="off"
          class="nextui-c-jeuecp nextui-input"
          data-state="normal"
          id="name-filter"
          placeholder="Filter by name"
          type="search"
          value=""
        />
      </label>
    </div>
    <div
      class="nextui-c-gJvMas nextui-input-helper-text-container"
    />
  </div>
</div>
`;
